// Jest Snapshot v1, https://goo.gl/fbAQLP

exports[`config page must be rendered 1`] = `
<div>
  <form>
    <input
      placeholder="Insira o nome do participante"
      type="text"
      value=""
    />
    <button
      disabled=""
    >
      Adicionar
    </button>
    
  </form>
  <ul />
  <footer>
    <button
      disabled=""
    >
      Iniciar Brincadeira
    </button>
  </footer>
</div>
`;
